{
    "Right": {
        "actualTimeGrid": [
            0,
            1.0e-2,
            2.0e-2,
            3.0e-2,
            4.0e-2,
            5.0e-2,
            6.0e-2,
            7.0e-2,
            8.0e-2,
            9.0e-2,
            9.531019739813672e-2,
            9.531019739813672e-2,
            0.1,
            0.11,
            0.12,
            0.13,
            0.14,
            0.15,
            0.16,
            0.17,
            0.18,
            0.19,
            0.2,
            0.21,
            0.22
        ],
        "diagnostics": {
            "dlsGetNumJacEvals": 0,
            "dlsGetNumRhsEvals": 0,
            "odeGetNumErrTestFails": 0,
            "odeGetNumLinSolvSetups": 6,
            "odeGetNumNonlinSolvConvFails": 0,
            "odeGetNumNonlinSolvIters": 67,
            "odeGetNumRhsEvals_fe": 0,
            "odeGetNumRhsEvals_fi": 105,
            "odeGetNumStepAttempts": 7,
            "odeGetNumSteps": 7,
            "odeMaxEventsReached": false
        },
        "solutionMatrix": [
            [
                1
            ],
            [
                1.0100501670827495
            ],
            [
                1.0202013389493012
            ],
            [
                1.0304545334101805
            ],
            [
                1.0408107703201237
            ],
            [
                1.051271067121852
            ],
            [
                1.0618364899384205
            ],
            [
                1.0725081122068323
            ],
            [
                1.0832870073640892
            ],
            [
                1.0941742488471942
            ],
            [
                1.100000000000003
            ],
            [
                2
            ],
            [
                2.009401633836079
            ],
            [
                2.0295964553231363
            ],
            [
                2.049994238036101
            ],
            [
                2.070597023750895
            ],
            [
                2.0914068417894423
            ],
            [
                2.112425792116864
            ],
            [
                2.1336560084885052
            ],
            [
                2.1550996246597127
            ],
            [
                2.176758774385829
            ],
            [
                2.198635591422201
            ],
            [
                2.22073222489558
            ],
            [
                2.243050913152287
            ],
            [
                2.2655939264315417
            ]
        ]
    }
}