{
    "Right": {
        "actualTimeGrid": [
            0,
            1,
            1,
            2,
            2,
            3,
            3,
            4,
            4,
            5,
            5,
            6,
            6,
            7,
            7,
            8,
            8,
            9,
            9,
            10,
            10
        ],
        "diagnostics": {
            "dlsGetNumJacEvals": 0,
            "dlsGetNumRhsEvals": 0,
            "odeGetNumErrTestFails": 0,
            "odeGetNumLinSolvSetups": 0,
            "odeGetNumNonlinSolvConvFails": 0,
            "odeGetNumNonlinSolvIters": 120,
            "odeGetNumRhsEvals_fe": 0,
            "odeGetNumRhsEvals_fi": 0,
            "odeGetNumStepAttempts": 0,
            "odeGetNumSteps": 0,
            "odeMaxEventsReached": false
        },
        "solutionMatrix": [
            [
                0
            ],
            [
                0.48295485499772156
            ],
            [
                0.48295485499772156
            ],
            [
                0.965909709995444
            ],
            [
                0.965909709995444
            ],
            [
                1.4488645649931673
            ],
            [
                1.4488645649931673
            ],
            [
                1.9318194199908905
            ],
            [
                1.9318194199908905
            ],
            [
                2.4147742749886123
            ],
            [
                2.4147742749886123
            ],
            [
                2.897729129986333
            ],
            [
                2.897729129986333
            ],
            [
                3.3806839849840533
            ],
            [
                3.3806839849840533
            ],
            [
                3.8636388399817747
            ],
            [
                3.8636388399817747
            ],
            [
                4.346593694979496
            ],
            [
                4.346593694979496
            ],
            [
                4.829548549977216
            ],
            [
                4.829548549977216
            ]
        ]
    }
}