{
    "Right": {
        "actualTimeGrid": [
            0,
            1.0000000000000293,
            1.0000000000000293,
            2,
            2,
            3,
            3,
            4,
            4,
            5,
            5,
            6,
            6,
            7,
            7,
            8,
            8,
            9,
            9,
            10,
            10
        ],
        "diagnostics": {
            "dlsGetNumJacEvals": 0,
            "dlsGetNumRhsEvals": 0,
            "odeGetNumErrTestFails": 0,
            "odeGetNumLinSolvSetups": 0,
            "odeGetNumNonlinSolvConvFails": 0,
            "odeGetNumNonlinSolvIters": 120,
            "odeGetNumRhsEvals_fe": 0,
            "odeGetNumRhsEvals_fi": 0,
            "odeGetNumStepAttempts": 0,
            "odeGetNumSteps": 0,
            "odeMaxEventsReached": false
        },
        "solutionMatrix": [
            [
                0
            ],
            [
                0.5000000000000299
            ],
            [
                0.5000000000000299
            ],
            [
                0.982954854997764
            ],
            [
                0.982954854997764
            ],
            [
                1.465909709995486
            ],
            [
                1.465909709995486
            ],
            [
                1.9488645649932081
            ],
            [
                1.9488645649932081
            ],
            [
                2.4318194199909287
            ],
            [
                2.4318194199909287
            ],
            [
                2.914774274988648
            ],
            [
                2.914774274988648
            ],
            [
                3.397729129986367
            ],
            [
                3.397729129986367
            ],
            [
                3.8806839849840857
            ],
            [
                3.8806839849840857
            ],
            [
                4.363638839981805
            ],
            [
                4.363638839981805
            ],
            [
                4.846593694979526
            ],
            [
                4.846593694979526
            ]
        ]
    }
}