{
    "Right": {
        "actualTimeGrid": [
            0,
            0.1,
            0.2,
            0.30000000000000004,
            0.4,
            0.5,
            0.6000000000000001,
            0.7000000000000001,
            0.8,
            0.9,
            1,
            1.1,
            1.2000000000000002,
            1.3,
            1.4000000000000001,
            1.5,
            1.6,
            1.7000000000000002,
            1.8,
            1.9000000000000001,
            2,
            2.1,
            2.2,
            2.3000000000000003,
            2.4000000000000004,
            2.5,
            2.6,
            2.7,
            2.8000000000000003,
            2.9000000000000004,
            3,
            3.1,
            3.2,
            3.3000000000000003,
            3.4000000000000004,
            3.5,
            3.6,
            3.7,
            3.8000000000000003,
            3.9000000000000004,
            4,
            4.1000000000000005,
            4.2,
            4.3,
            4.4,
            4.5,
            4.6000000000000005,
            4.7,
            4.800000000000001,
            4.9,
            5,
            5.1000000000000005,
            5.2,
            5.300000000000001,
            5.4,
            5.5,
            5.6000000000000005,
            5.7,
            5.800000000000001,
            5.9,
            6,
            6.1000000000000005,
            6.2,
            6.300000000000001,
            6.4,
            6.5,
            6.6000000000000005,
            6.7,
            6.800000000000001,
            6.9,
            7,
            7.1000000000000005,
            7.2,
            7.300000000000001,
            7.4,
            7.5,
            7.6000000000000005,
            7.7,
            7.800000000000001,
            7.9,
            8,
            8.1,
            8.200000000000001,
            8.3,
            8.4,
            8.5,
            8.6,
            8.700000000000001,
            8.8,
            8.9,
            9,
            9.1,
            9.200000000000001,
            9.3,
            9.4,
            9.5,
            9.600000000000001,
            9.700000000000001,
            9.8,
            9.9,
            10
        ],
        "diagnostics": {
            "dlsGetNumJacEvals": 0,
            "dlsGetNumRhsEvals": 0,
            "odeGetNumErrTestFails": 3,
            "odeGetNumLinSolvSetups": 39,
            "odeGetNumNonlinSolvConvFails": 0,
            "odeGetNumNonlinSolvIters": 3069,
            "odeGetNumRhsEvals_fe": 0,
            "odeGetNumRhsEvals_fi": 5832,
            "odeGetNumStepAttempts": 552,
            "odeGetNumSteps": 549,
            "odeMaxEventsReached": false
        },
        "solutionMatrix": [
            [
                0
            ],
            [
                9.966851244724917e-2
            ],
            [
                0.19739549204711007
            ],
            [
                0.29145670873318974
            ],
            [
                0.3805062745365043
            ],
            [
                0.4636475241918013
            ],
            [
                0.5404194207584931
            ],
            [
                0.6107258927855286
            ],
            [
                0.6747408802862943
            ],
            [
                0.7328150456063658
            ],
            [
                0.7853981105705998
            ],
            [
                0.8329812161841471
            ],
            [
                0.876058002521716
            ],
            [
                0.915100655693507
            ],
            [
                0.9505468003844115
            ],
            [
                0.9827936886399331
            ],
            [
                1.012196983691547
            ],
            [
                1.0390722363334834
            ],
            [
                1.063697801695229
            ],
            [
                1.086318378435944
            ],
            [
                1.1071486994021504
            ],
            [
                1.1263770994372928
            ],
            [
                1.1441688174262468
            ],
            [
                1.1606689716848273
            ],
            [
                1.1760051947560608
            ],
            [
                1.1902899395941962
            ],
            [
                1.2036224841401488
            ],
            [
                1.2160906665710225
            ],
            [
                1.2277723566860284
            ],
            [
                1.238736830357671
            ],
            [
                1.2490457444622365
            ],
            [
                1.2587541780514226
            ],
            [
                1.2679114320053742
            ],
            [
                1.2765617362013042
            ],
            [
                1.2847448607989287
            ],
            [
                1.292496645056828
            ],
            [
                1.2998494556541507
            ],
            [
                1.3068325847055364
            ],
            [
                1.313472596115525
            ],
            [
                1.3197936268898292
            ],
            [
                1.3258176519936569
            ],
            [
                1.3315647161197977
            ],
            [
                1.337053135759509
            ],
            [
                1.3422996775983396
            ],
            [
                1.3473197158550358
            ],
            [
                1.352127371166872
            ],
            [
                1.3567356335372678
            ],
            [
                1.3611564575984905
            ],
            [
                1.3654009057615675
            ],
            [
                1.3694791867406144
            ],
            [
                1.3734007354956712
            ],
            [
                1.3771743028408316
            ],
            [
                1.3808080082922303
            ],
            [
                1.3843093952544152
            ],
            [
                1.3876854805885077
            ],
            [
                1.3909427992236112
            ],
            [
                1.394087444357786
            ],
            [
                1.397125103750196
            ],
            [
                1.4000610925370893
            ],
            [
                1.4029003829367512
            ],
            [
                1.4056476311990769
            ],
            [
                1.408307201894961
            ],
            [
                1.4108831899027328
            ],
            [
                1.4133794417717425
            ],
            [
                1.4157995735996698
            ],
            [
                1.418146987819717
            ],
            [
                1.4204248886357016
            ],
            [
                1.4226362961378043
            ],
            [
                1.4247840592317527
            ],
            [
                1.4268708675248831
            ],
            [
                1.4288992622129297
            ],
            [
                1.4308716461141828
            ],
            [
                1.432790292897601
            ],
            [
                1.4346573555887503
            ],
            [
                1.4364748744159688
            ],
            [
                1.4382447840568815
            ],
            [
                1.4399689039054238
            ],
            [
                1.4416490150405383
            ],
            [
                1.4432867274326882
            ],
            [
                1.4448836705141168
            ],
            [
                1.446441314006726
            ],
            [
                1.4479610535566716
            ],
            [
                1.4494442952427469
            ],
            [
                1.450892324144483
            ],
            [
                1.452306341605792
            ],
            [
                1.4536875517592167
            ],
            [
                1.455037091427027
            ],
            [
                1.456356003429485
            ],
            [
                1.4576453163305736
            ],
            [
                1.4589060420741289
            ],
            [
                1.4601390919432864
            ],
            [
                1.461345351539686
            ],
            [
                1.4625257164785217
            ],
            [
                1.4636809917553393
            ],
            [
                1.4648119466294844
            ],
            [
                1.4659193680584763
            ],
            [
                1.4670039751218171
            ],
            [
                1.4680664422887273
            ],
            [
                1.4691074550677825
            ],
            [
                1.4701276630383233
            ],
            [
                1.4711276622679867
            ]
        ]
    }
}