{
    "Right": {
        "actualTimeGrid": [
            0,
            1
        ],
        "diagnostics": {
            "dlsGetNumJacEvals": 0,
            "dlsGetNumRhsEvals": 0,
            "odeGetNumErrTestFails": 0,
            "odeGetNumLinSolvSetups": 8,
            "odeGetNumNonlinSolvConvFails": 0,
            "odeGetNumNonlinSolvIters": 19,
            "odeGetNumRhsEvals_fe": 0,
            "odeGetNumRhsEvals_fi": 49,
            "odeGetNumStepAttempts": 9,
            "odeGetNumSteps": 9,
            "odeMaxEventsReached": false
        },
        "solutionMatrix": [
            [
                0
            ],
            [
                1.0000002218639574
            ]
        ]
    }
}