{
    "Right": {
        "actualTimeGrid": [
            0,
            1.0e-2,
            2.0e-2,
            3.0e-2,
            4.0e-2,
            5.0e-2,
            6.0e-2,
            7.0e-2,
            8.0e-2,
            9.0e-2,
            9.530963696176965e-2,
            9.530963696176965e-2,
            0.1,
            0.11,
            0.12,
            0.13,
            0.14,
            0.15,
            0.16,
            0.17,
            0.18,
            0.19,
            0.2,
            0.21,
            0.22
        ],
        "diagnostics": {
            "dlsGetNumJacEvals": 0,
            "dlsGetNumRhsEvals": 0,
            "odeGetNumErrTestFails": 0,
            "odeGetNumLinSolvSetups": 6,
            "odeGetNumNonlinSolvConvFails": 0,
            "odeGetNumNonlinSolvIters": 55,
            "odeGetNumRhsEvals_fe": 0,
            "odeGetNumRhsEvals_fi": 109,
            "odeGetNumStepAttempts": 17,
            "odeGetNumSteps": 17,
            "odeMaxEventsReached": false
        },
        "solutionMatrix": [
            [
                1
            ],
            [
                1.0100501806718047
            ],
            [
                1.0202014271103101
            ],
            [
                1.0304546883662415
            ],
            [
                1.0408109889715431
            ],
            [
                1.0512713708974093
            ],
            [
                1.0618368868128811
            ],
            [
                1.0725086000265798
            ],
            [
                1.083287563869465
            ],
            [
                1.0941748483304339
            ],
            [
                1.1000000000000003
            ],
            [
                2
            ],
            [
                2.0094027665884022
            ],
            [
                2.029597675905032
            ],
            [
                2.0499955551915092
            ],
            [
                2.0705984374073623
            ],
            [
                2.0914083828747105
            ],
            [
                2.1124274726223407
            ],
            [
                2.133657808593812
            ],
            [
                2.155101513857655
            ],
            [
                2.176760732819686
            ],
            [
                2.1986376314374447
            ],
            [
                2.220734397436797
            ],
            [
                2.243053240530711
            ],
            [
                2.265596392640232
            ]
        ]
    }
}