{
    "Right": {
        "actualTimeGrid": [
            0,
            1,
            1,
            2,
            2,
            3,
            3,
            4,
            4,
            5,
            5,
            6,
            6,
            7,
            7,
            8,
            8,
            9,
            9,
            10,
            10
        ],
        "diagnostics": {
            "dlsGetNumJacEvals": 0,
            "dlsGetNumRhsEvals": 0,
            "odeGetNumErrTestFails": 0,
            "odeGetNumLinSolvSetups": 0,
            "odeGetNumNonlinSolvConvFails": 0,
            "odeGetNumNonlinSolvIters": 265,
            "odeGetNumRhsEvals_fe": 0,
            "odeGetNumRhsEvals_fi": 0,
            "odeGetNumStepAttempts": 0,
            "odeGetNumSteps": 0,
            "odeMaxEventsReached": false
        },
        "solutionMatrix": [
            [
                0
            ],
            [
                0.49999965138173696
            ],
            [
                0.49999965138173696
            ],
            [
                0.9999993773619522
            ],
            [
                0.9999993773619522
            ],
            [
                1.4999992391702057
            ],
            [
                1.4999992391702057
            ],
            [
                1.999998631954575
            ],
            [
                1.999998631954575
            ],
            [
                2.499998283843155
            ],
            [
                2.499998283843155
            ],
            [
                2.999997215397416
            ],
            [
                2.999997215397416
            ],
            [
                3.499996532748155
            ],
            [
                3.499996532748155
            ],
            [
                3.99999617650754
            ],
            [
                3.99999617650754
            ],
            [
                4.499995960932867
            ],
            [
                4.499995960932867
            ],
            [
                4.99999550444675
            ],
            [
                4.99999550444675
            ]
        ]
    }
}