{
    "Right": {
        "actualTimeGrid": [
            0,
            1,
            1,
            2,
            2,
            3,
            3,
            4,
            4,
            5,
            5,
            6,
            6,
            7,
            7,
            8,
            8,
            9,
            9,
            10,
            10
        ],
        "diagnostics": {
            "dlsGetNumJacEvals": 0,
            "dlsGetNumRhsEvals": 0,
            "odeGetNumErrTestFails": 0,
            "odeGetNumLinSolvSetups": 0,
            "odeGetNumNonlinSolvConvFails": 0,
            "odeGetNumNonlinSolvIters": 140,
            "odeGetNumRhsEvals_fe": 0,
            "odeGetNumRhsEvals_fi": 0,
            "odeGetNumStepAttempts": 0,
            "odeGetNumSteps": 0,
            "odeMaxEventsReached": false
        },
        "solutionMatrix": [
            [
                0
            ],
            [
                0.4999998015945316
            ],
            [
                0.4999998015945316
            ],
            [
                0.9999996072712973
            ],
            [
                0.9999996072712973
            ],
            [
                1.4999994169766993
            ],
            [
                1.4999994169766993
            ],
            [
                1.9999992306574914
            ],
            [
                1.9999992306574914
            ],
            [
                2.499999048260777
            ],
            [
                2.499999048260777
            ],
            [
                2.999998869734008
            ],
            [
                2.999998869734008
            ],
            [
                3.4999986950249853
            ],
            [
                3.4999986950249853
            ],
            [
                3.999998524081859
            ],
            [
                3.999998524081859
            ],
            [
                4.499998356853135
            ],
            [
                4.499998356853135
            ],
            [
                4.99999731175864
            ],
            [
                4.99999731175864
            ]
        ]
    }
}