{
    "Right": {
        "actualTimeGrid": [
            0,
            0.1,
            0.2,
            0.30000000000000004,
            0.4,
            0.5,
            0.6000000000000001,
            0.7000000000000001,
            0.8,
            0.9,
            1,
            1.1,
            1.2000000000000002,
            1.3,
            1.4000000000000001,
            1.5,
            1.6,
            1.7000000000000002,
            1.8,
            1.9000000000000001,
            2,
            2.1,
            2.2,
            2.3000000000000003,
            2.4000000000000004,
            2.5,
            2.6,
            2.7,
            2.8000000000000003,
            2.9000000000000004,
            3,
            3.1,
            3.2,
            3.3000000000000003,
            3.4000000000000004,
            3.5,
            3.6,
            3.7,
            3.8000000000000003,
            3.9000000000000004,
            4,
            4.1000000000000005,
            4.2,
            4.3,
            4.4,
            4.5,
            4.6000000000000005,
            4.7,
            4.800000000000001,
            4.9,
            5,
            5.1000000000000005,
            5.2,
            5.300000000000001,
            5.4,
            5.5,
            5.6000000000000005,
            5.7,
            5.800000000000001,
            5.9,
            6,
            6.1000000000000005,
            6.2,
            6.300000000000001,
            6.4,
            6.5,
            6.6000000000000005,
            6.7,
            6.800000000000001,
            6.9,
            7,
            7.1000000000000005,
            7.2,
            7.300000000000001,
            7.4,
            7.5,
            7.6000000000000005,
            7.7,
            7.800000000000001,
            7.9,
            8,
            8.1,
            8.200000000000001,
            8.3,
            8.4,
            8.5,
            8.6,
            8.700000000000001,
            8.8,
            8.9,
            9,
            9.1,
            9.200000000000001,
            9.3,
            9.4,
            9.5,
            9.600000000000001,
            9.700000000000001,
            9.8,
            9.9,
            10
        ],
        "diagnostics": {
            "dlsGetNumJacEvals": 0,
            "dlsGetNumRhsEvals": 0,
            "odeGetNumErrTestFails": 0,
            "odeGetNumLinSolvSetups": 22,
            "odeGetNumNonlinSolvConvFails": 0,
            "odeGetNumNonlinSolvIters": 588,
            "odeGetNumRhsEvals_fe": 0,
            "odeGetNumRhsEvals_fi": 1251,
            "odeGetNumStepAttempts": 220,
            "odeGetNumSteps": 220,
            "odeMaxEventsReached": false
        },
        "solutionMatrix": [
            [
                0
            ],
            [
                9.966849928518894e-2
            ],
            [
                0.19739544383924698
            ],
            [
                0.2914567195373894
            ],
            [
                0.38050632780230464
            ],
            [
                0.46364755983739525
            ],
            [
                0.5404195242734573
            ],
            [
                0.6107260675287833
            ],
            [
                0.6747410765353321
            ],
            [
                0.7328153444508961
            ],
            [
                0.7853984062317799
            ],
            [
                0.8329814158792852
            ],
            [
                0.8760582613922135
            ],
            [
                0.9151009259376578
            ],
            [
                0.9505469572696504
            ],
            [
                0.9827938609214831
            ],
            [
                1.0121971750622443
            ],
            [
                1.0390723495850995
            ],
            [
                1.0636979053467683
            ],
            [
                1.0863185054052789
            ],
            [
                1.107148792082109
            ],
            [
                1.1263771670960396
            ],
            [
                1.1441689015757748
            ],
            [
                1.160669046638812
            ],
            [
                1.176005239345683
            ],
            [
                1.190289991783874
            ],
            [
                1.2036225379870287
            ],
            [
                1.2160906978002324
            ],
            [
                1.227772412477085
            ],
            [
                1.2387368912835748
            ],
            [
                1.2490457909479982
            ],
            [
                1.2587542216796845
            ],
            [
                1.2679114805821332
            ],
            [
                1.2765618189033938
            ],
            [
                1.2847449333397944
            ],
            [
                1.2924966925031247
            ],
            [
                1.2998494926563036
            ],
            [
                1.3068326257840226
            ],
            [
                1.3134726421500549
            ],
            [
                1.3197936699596255
            ],
            [
                1.3258176795068752
            ],
            [
                1.3315647369336918
            ],
            [
                1.3370531599972144
            ],
            [
                1.3422997067069846
            ],
            [
                1.347319744978045
            ],
            [
                1.352127391547281
            ],
            [
                1.3567356963571684
            ],
            [
                1.3611564909867928
            ],
            [
                1.3654009759678323
            ],
            [
                1.369479225839628
            ],
            [
                1.3734007970172235
            ],
            [
                1.3771743424221383
            ],
            [
                1.380808060830736
            ],
            [
                1.3843094375246467
            ],
            [
                1.3876855244900634
            ],
            [
                1.390942844663012
            ],
            [
                1.3940874802286014
            ],
            [
                1.3971251476586661
            ],
            [
                1.4000611210636618
            ],
            [
                1.4029004214962089
            ],
            [
                1.4056476530420137
            ],
            [
                1.4083072328376876
            ],
            [
                1.4108832077104714
            ],
            [
                1.4133794613177235
            ],
            [
                1.4157995948902684
            ],
            [
                1.4181470129527018
            ],
            [
                1.4204249178261437
            ],
            [
                1.4226363285593566
            ],
            [
                1.424784093638199
            ],
            [
                1.4268709029647555
            ],
            [
                1.4288992978757094
            ],
            [
                1.4308716813585676
            ],
            [
                1.4327903272094202
            ],
            [
                1.4346573885644944
            ],
            [
                1.436474905744212
            ],
            [
                1.438244813503151
            ],
            [
                1.439968947729956
            ],
            [
                1.441649051646711
            ],
            [
                1.4432867815502204
            ],
            [
                1.444883712134049
            ],
            [
                1.446441341426403
            ],
            [
                1.4479610953756425
            ],
            [
                1.4494443321122563
            ],
            [
                1.4508923515049932
            ],
            [
                1.4523064007032087
            ],
            [
                1.4536876022116985
            ],
            [
                1.4550371017849981
            ],
            [
                1.4563560538655358
            ],
            [
                1.457645358237692
            ],
            [
                1.4589060553640079
            ],
            [
                1.4601391356153652
            ],
            [
                1.4613453830571796
            ],
            [
                1.4625257359597634
            ],
            [
                1.4636810286355337
            ],
            [
                1.4648119687587646
            ],
            [
                1.465919395772865
            ],
            [
                1.4670040056651055
            ],
            [
                1.468066456187837
            ],
            [
                1.4691074899196186
            ],
            [
                1.470127688052775
            ],
            [
                1.471127670111114
            ]
        ]
    }
}