{
    "Right": {
        "actualTimeGrid": [
            0,
            1,
            1,
            3.0000000000001,
            3.0000000000001,
            4,
            4
        ],
        "diagnostics": {
            "dlsGetNumJacEvals": 0,
            "dlsGetNumRhsEvals": 0,
            "odeGetNumErrTestFails": 0,
            "odeGetNumLinSolvSetups": 4,
            "odeGetNumNonlinSolvConvFails": 0,
            "odeGetNumNonlinSolvIters": 16,
            "odeGetNumRhsEvals_fe": 0,
            "odeGetNumRhsEvals_fi": 31,
            "odeGetNumStepAttempts": 4,
            "odeGetNumSteps": 4,
            "odeMaxEventsReached": false
        },
        "solutionMatrix": [
            [
                0,
                0
            ],
            [
                1.0000000000000002,
                0
            ],
            [
                1.0000000000000002,
                5
            ],
            [
                3.0000000000000995,
                5
            ],
            [
                3.0000000000000995,
                13
            ],
            [
                3.999999999999999,
                13
            ],
            [
                3.999999999999999,
                8
            ]
        ]
    }
}