{
    "Right": {
        "actualTimeGrid": [
            0,
            1.0e-2,
            2.0e-2,
            3.0e-2,
            4.0e-2,
            5.0e-2,
            6.0e-2,
            7.0e-2,
            8.0e-2,
            9.0e-2,
            9.530974258982386e-2,
            9.530974258982386e-2,
            0.1,
            0.11,
            0.12,
            0.13,
            0.14,
            0.15,
            0.16,
            0.17,
            0.18,
            0.19,
            0.2,
            0.21,
            0.22
        ],
        "diagnostics": {
            "dlsGetNumJacEvals": 0,
            "dlsGetNumRhsEvals": 0,
            "odeGetNumErrTestFails": 3,
            "odeGetNumLinSolvSetups": 10,
            "odeGetNumNonlinSolvConvFails": 0,
            "odeGetNumNonlinSolvIters": 22,
            "odeGetNumRhsEvals_fe": 25,
            "odeGetNumRhsEvals_fi": 0,
            "odeGetNumStepAttempts": 0,
            "odeGetNumSteps": 10,
            "odeMaxEventsReached": false
        },
        "solutionMatrix": [
            [
                1
            ],
            [
                1.0100504088210829
            ],
            [
                1.0202016805517355
            ],
            [
                1.0304548816975556
            ],
            [
                1.0408111280695418
            ],
            [
                1.0512714583276408
            ],
            [
                1.061836915744312
            ],
            [
                1.0725085661534426
            ],
            [
                1.0832874863543018
            ],
            [
                1.0941747449422452
            ],
            [
                1.1000000000000028
            ],
            [
                2
            ],
            [
                2.0094027280890523
            ],
            [
                2.0295977176557436
            ],
            [
                2.0499955176746663
            ],
            [
                2.070598317789546
            ],
            [
                2.0914081823384656
            ],
            [
                2.112427192228011
            ],
            [
                2.1336574708392027
            ],
            [
                2.15510112892463
            ],
            [
                2.1767602770520154
            ],
            [
                2.1986371100970428
            ],
            [
                2.2207338438538384
            ],
            [
                2.243052653178992
            ],
            [
                2.265595721760915
            ]
        ]
    }
}