{
    "Right": {
        "actualTimeGrid": [
            0,
            1,
            1,
            2,
            2,
            3,
            3,
            4,
            4,
            5,
            5,
            6,
            6,
            7,
            7,
            8,
            8,
            9,
            9,
            10,
            10
        ],
        "diagnostics": {
            "dlsGetNumJacEvals": 0,
            "dlsGetNumRhsEvals": 0,
            "odeGetNumErrTestFails": 0,
            "odeGetNumLinSolvSetups": 0,
            "odeGetNumNonlinSolvConvFails": 0,
            "odeGetNumNonlinSolvIters": 71,
            "odeGetNumRhsEvals_fe": 0,
            "odeGetNumRhsEvals_fi": 0,
            "odeGetNumStepAttempts": 0,
            "odeGetNumSteps": 0,
            "odeMaxEventsReached": false
        },
        "solutionMatrix": [
            [
                0
            ],
            [
                0.5000004993001229
            ],
            [
                0.5000004993001229
            ],
            [
                0.9999964544865689
            ],
            [
                0.9999964544865689
            ],
            [
                1.4999958022304372
            ],
            [
                1.4999958022304372
            ],
            [
                1.9999919486354234
            ],
            [
                1.9999919486354234
            ],
            [
                2.4999917254714137
            ],
            [
                2.4999917254714137
            ],
            [
                2.999985175514358
            ],
            [
                2.999985175514358
            ],
            [
                3.499985445019437
            ],
            [
                3.499985445019437
            ],
            [
                3.9999825240587743
            ],
            [
                3.9999825240587743
            ],
            [
                4.499982509118679
            ],
            [
                4.499982509118679
            ],
            [
                4.9999825920926675
            ],
            [
                4.9999825920926675
            ]
        ]
    }
}