{
    "Right": {
        "actualTimeGrid": [
            0,
            0.1,
            0.2,
            0.30000000000000004,
            0.4,
            0.5,
            0.6000000000000001,
            0.7000000000000001,
            0.8,
            0.9,
            1,
            1.1,
            1.2000000000000002,
            1.3,
            1.4000000000000001,
            1.5,
            1.6,
            1.7000000000000002,
            1.8,
            1.9000000000000001,
            2,
            2.1,
            2.2,
            2.3000000000000003,
            2.4000000000000004,
            2.5,
            2.6,
            2.7,
            2.8000000000000003,
            2.9000000000000004,
            3,
            3.1,
            3.2,
            3.3000000000000003,
            3.4000000000000004,
            3.5,
            3.6,
            3.7,
            3.8000000000000003,
            3.9000000000000004,
            4,
            4.1000000000000005,
            4.2,
            4.3,
            4.4,
            4.5,
            4.6000000000000005,
            4.7,
            4.800000000000001,
            4.9,
            5,
            5.1000000000000005,
            5.2,
            5.300000000000001,
            5.4,
            5.5,
            5.6000000000000005,
            5.7,
            5.800000000000001,
            5.9,
            6,
            6.1000000000000005,
            6.2,
            6.300000000000001,
            6.4,
            6.5,
            6.6000000000000005,
            6.7,
            6.800000000000001,
            6.9,
            7,
            7.1000000000000005,
            7.2,
            7.300000000000001,
            7.4,
            7.5,
            7.6000000000000005,
            7.7,
            7.800000000000001,
            7.9,
            8,
            8.1,
            8.200000000000001,
            8.3,
            8.4,
            8.5,
            8.6,
            8.700000000000001,
            8.8,
            8.9,
            9,
            9.1,
            9.200000000000001,
            9.3,
            9.4,
            9.5,
            9.600000000000001,
            9.700000000000001,
            9.8,
            9.9,
            10
        ],
        "diagnostics": {
            "dlsGetNumJacEvals": 0,
            "dlsGetNumRhsEvals": 0,
            "odeGetNumErrTestFails": 15,
            "odeGetNumLinSolvSetups": 35,
            "odeGetNumNonlinSolvConvFails": 0,
            "odeGetNumNonlinSolvIters": 231,
            "odeGetNumRhsEvals_fe": 234,
            "odeGetNumRhsEvals_fi": 0,
            "odeGetNumStepAttempts": 0,
            "odeGetNumSteps": 159,
            "odeMaxEventsReached": false
        },
        "solutionMatrix": [
            [
                0
            ],
            [
                9.966866002599736e-2
            ],
            [
                0.197395659433079
            ],
            [
                0.2914571632616989
            ],
            [
                0.38050663495903486
            ],
            [
                0.46364791572507846
            ],
            [
                0.540420130231061
            ],
            [
                0.6107259334443859
            ],
            [
                0.6747410300682817
            ],
            [
                0.7328152153134458
            ],
            [
                0.7853981526045696
            ],
            [
                0.8329811041327938
            ],
            [
                0.8760578486343735
            ],
            [
                0.915100699341699
            ],
            [
                0.9505468286196417
            ],
            [
                0.9827936262170325
            ],
            [
                1.0121968378059287
            ],
            [
                1.0390724444533574
            ],
            [
                1.0636979289643167
            ],
            [
                1.0863183652507757
            ],
            [
                1.1071487869770493
            ],
            [
                1.1263769734294986
            ],
            [
                1.1441685981103604
            ],
            [
                1.1606686444536438
            ],
            [
                1.176005022586788
            ],
            [
                1.1902898805008153
            ],
            [
                1.2036220315144779
            ],
            [
                1.2160912777206065
            ],
            [
                1.2277710372550628
            ],
            [
                1.23873650386786
            ],
            [
                1.2490458906459174
            ],
            [
                1.2587544391410928
            ],
            [
                1.2679115057075516
            ],
            [
                1.2765617132826277
            ],
            [
                1.2847449558106092
            ],
            [
                1.292496576089784
            ],
            [
                1.2998494357092079
            ],
            [
                1.3068324959603896
            ],
            [
                1.3134728592956821
            ],
            [
                1.3197939127761777
            ],
            [
                1.3258168818183722
            ],
            [
                1.331564537507803
            ],
            [
                1.3370533675925558
            ],
            [
                1.3422996975325652
            ],
            [
                1.3473197409857673
            ],
            [
                1.3521274049261014
            ],
            [
                1.3567355664586735
            ],
            [
                1.361156556809962
            ],
            [
                1.3654007372454666
            ],
            [
                1.3694795065710204
            ],
            [
                1.3734001632006552
            ],
            [
                1.3771748797928511
            ],
            [
                1.3808069043753242
            ],
            [
                1.3843094061154582
            ],
            [
                1.3876852655512444
            ],
            [
                1.3909427765037947
            ],
            [
                1.3940876933100024
            ],
            [
                1.3971248842521298
            ],
            [
                1.4000610712090436
            ],
            [
                1.402900558771024
            ],
            [
                1.4056468491473326
            ],
            [
                1.408307146460996
            ],
            [
                1.4108834059699478
            ],
            [
                1.4133793224591291
            ],
            [
                1.4157997856891336
            ],
            [
                1.418146758567381
            ],
            [
                1.420425031178737
            ],
            [
                1.422636046392345
            ],
            [
                1.4247844458620524
            ],
            [
                1.4268717769944974
            ],
            [
                1.428899179612355
            ],
            [
                1.430871455514999
            ],
            [
                1.432790526633504
            ],
            [
                1.43465739660461
            ],
            [
                1.436474843573673
            ],
            [
                1.438244950147609
            ],
            [
                1.4399690882134166
            ],
            [
                1.4416486779617936
            ],
            [
                1.4432866763204082
            ],
            [
                1.4448840409792543
            ],
            [
                1.446440539852742
            ],
            [
                1.447960114245153
            ],
            [
                1.449446088356202
            ],
            [
                1.4508915449181345
            ],
            [
                1.4523056647396098
            ],
            [
                1.4536880272175903
            ],
            [
                1.4550370651295037
            ],
            [
                1.4563559464464484
            ],
            [
                1.4576452768859853
            ],
            [
                1.4589063552591341
            ],
            [
                1.4601387540558388
            ],
            [
                1.461346334898146
            ],
            [
                1.4625248823673846
            ],
            [
                1.4636806642087186
            ],
            [
                1.4648115788583864
            ],
            [
                1.465919340825879
            ],
            [
                1.4670042155770853
            ],
            [
                1.4680661656224996
            ],
            [
                1.4691077149586085
            ],
            [
                1.4701270781246283
            ],
            [
                1.471128757705364
            ]
        ]
    }
}