{
    "Right": {
        "actualTimeGrid": [
            0,
            1.0e-2,
            2.0e-2,
            3.0e-2,
            4.0e-2,
            5.0e-2,
            6.0e-2,
            7.0e-2,
            8.0e-2,
            9.0e-2,
            9.53085248341798e-2,
            9.53085248341798e-2,
            0.1,
            0.11,
            0.12,
            0.13,
            0.14,
            0.15,
            0.16,
            0.17,
            0.18,
            0.19,
            0.2,
            0.21,
            0.22
        ],
        "diagnostics": {
            "dlsGetNumJacEvals": 0,
            "dlsGetNumRhsEvals": 0,
            "odeGetNumErrTestFails": 2,
            "odeGetNumLinSolvSetups": 12,
            "odeGetNumNonlinSolvConvFails": 0,
            "odeGetNumNonlinSolvIters": 25,
            "odeGetNumRhsEvals_fe": 28,
            "odeGetNumRhsEvals_fi": 0,
            "odeGetNumStepAttempts": 0,
            "odeGetNumSteps": 16,
            "odeMaxEventsReached": false
        },
        "solutionMatrix": [
            [
                1
            ],
            [
                1.0100511816107112
            ],
            [
                1.0202025060876723
            ],
            [
                1.03045590775098
            ],
            [
                1.0408123262598148
            ],
            [
                1.0512727665913781
            ],
            [
                1.0618382822717671
            ],
            [
                1.0725099479746927
            ],
            [
                1.083288855710358
            ],
            [
                1.0941760934401454
            ],
            [
                1.1
            ],
            [
                2
            ],
            [
                2.0094059614401507
            ],
            [
                2.029600991782741
            ],
            [
                2.0499990034372706
            ],
            [
                2.070601946495157
            ],
            [
                2.091411880326977
            ],
            [
                2.1124309333321722
            ],
            [
                2.133661242015729
            ],
            [
                2.155104918076877
            ],
            [
                2.1767641759123615
            ],
            [
                2.1986411838537325
            ],
            [
                2.220738045663363
            ],
            [
                2.2430569162435776
            ],
            [
                2.2656002849501564
            ]
        ]
    }
}