{
    "Right": {
        "actualTimeGrid": [
            0,
            1,
            1,
            2,
            2,
            3,
            3,
            4,
            4,
            5,
            5,
            6,
            6,
            7,
            7,
            8,
            8,
            9,
            9,
            10,
            10
        ],
        "diagnostics": {
            "dlsGetNumJacEvals": 0,
            "dlsGetNumRhsEvals": 0,
            "odeGetNumErrTestFails": 0,
            "odeGetNumLinSolvSetups": 0,
            "odeGetNumNonlinSolvConvFails": 0,
            "odeGetNumNonlinSolvIters": 82,
            "odeGetNumRhsEvals_fe": 0,
            "odeGetNumRhsEvals_fi": 0,
            "odeGetNumStepAttempts": 0,
            "odeGetNumSteps": 0,
            "odeMaxEventsReached": false
        },
        "solutionMatrix": [
            [
                0
            ],
            [
                0.5000016718939055
            ],
            [
                0.5000016718939055
            ],
            [
                1.0000032689149616
            ],
            [
                1.0000032689149616
            ],
            [
                1.500004541425679
            ],
            [
                1.500004541425679
            ],
            [
                2.000005722056343
            ],
            [
                2.000005722056343
            ],
            [
                2.5000067208840897
            ],
            [
                2.5000067208840897
            ],
            [
                3.000007659489013
            ],
            [
                3.000007659489013
            ],
            [
                3.5000067484724715
            ],
            [
                3.5000067484724715
            ],
            [
                4.000007096448419
            ],
            [
                4.000007096448419
            ],
            [
                4.500008677690004
            ],
            [
                4.500008677690004
            ],
            [
                5.000010193074594
            ],
            [
                5.000010193074594
            ]
        ]
    }
}