{
    "Right": {
        "actualTimeGrid": [
            0,
            0.1,
            0.2,
            0.30000000000000004,
            0.4,
            0.5,
            0.6000000000000001,
            0.7000000000000001,
            0.8,
            0.9,
            1,
            1.1,
            1.2000000000000002,
            1.3,
            1.4000000000000001,
            1.5,
            1.6,
            1.7000000000000002,
            1.8,
            1.9000000000000001,
            2,
            2.1,
            2.2,
            2.3000000000000003,
            2.4000000000000004,
            2.5,
            2.6,
            2.7,
            2.8000000000000003,
            2.9000000000000004,
            3,
            3.1,
            3.2,
            3.3000000000000003,
            3.4000000000000004,
            3.5,
            3.6,
            3.7,
            3.8000000000000003,
            3.9000000000000004,
            4,
            4.1000000000000005,
            4.2,
            4.3,
            4.4,
            4.5,
            4.6000000000000005,
            4.7,
            4.800000000000001,
            4.9,
            5,
            5.1000000000000005,
            5.2,
            5.300000000000001,
            5.4,
            5.5,
            5.6000000000000005,
            5.7,
            5.800000000000001,
            5.9,
            6,
            6.1000000000000005,
            6.2,
            6.300000000000001,
            6.4,
            6.5,
            6.6000000000000005,
            6.7,
            6.800000000000001,
            6.9,
            7,
            7.1000000000000005,
            7.2,
            7.300000000000001,
            7.4,
            7.5,
            7.6000000000000005,
            7.7,
            7.800000000000001,
            7.9,
            8,
            8.1,
            8.200000000000001,
            8.3,
            8.4,
            8.5,
            8.6,
            8.700000000000001,
            8.8,
            8.9,
            9,
            9.1,
            9.200000000000001,
            9.3,
            9.4,
            9.5,
            9.600000000000001,
            9.700000000000001,
            9.8,
            9.9,
            10
        ],
        "diagnostics": {
            "dlsGetNumJacEvals": 0,
            "dlsGetNumRhsEvals": 0,
            "odeGetNumErrTestFails": 4,
            "odeGetNumLinSolvSetups": 19,
            "odeGetNumNonlinSolvConvFails": 0,
            "odeGetNumNonlinSolvIters": 114,
            "odeGetNumRhsEvals_fe": 117,
            "odeGetNumRhsEvals_fi": 0,
            "odeGetNumStepAttempts": 0,
            "odeGetNumSteps": 90,
            "odeMaxEventsReached": false
        },
        "solutionMatrix": [
            [
                0
            ],
            [
                9.966848021965924e-2
            ],
            [
                0.19739574677353747
            ],
            [
                0.29145700375117206
            ],
            [
                0.38050636804930843
            ],
            [
                0.46364728290437085
            ],
            [
                0.5404193114152971
            ],
            [
                0.6107254522064253
            ],
            [
                0.6747409998994454
            ],
            [
                0.7328150589352813
            ],
            [
                0.7853982378333612
            ],
            [
                0.8329818150260009
            ],
            [
                0.8760579231979503
            ],
            [
                0.9151007546747045
            ],
            [
                0.9505468131538369
            ],
            [
                0.9827937382027099
            ],
            [
                1.0121970178060122
            ],
            [
                1.0390722470310518
            ],
            [
                1.063697807553965
            ],
            [
                1.0863183819138091
            ],
            [
                1.107148703305459
            ],
            [
                1.1263771023936693
            ],
            [
                1.1441688132398151
            ],
            [
                1.1606689593045878
            ],
            [
                1.1760051824172815
            ],
            [
                1.1902899293760265
            ],
            [
                1.203622476126627
            ],
            [
                1.2160906616513096
            ],
            [
                1.2277723767862625
            ],
            [
                1.2387368523671218
            ],
            [
                1.2490457661836636
            ],
            [
                1.2587541967691667
            ],
            [
                1.2679114499293687
            ],
            [
                1.2765617541219076
            ],
            [
                1.28474487877101
            ],
            [
                1.292496647517988
            ],
            [
                1.2998494449096532
            ],
            [
                1.3068325341361673
            ],
            [
                1.3134725837117953
            ],
            [
                1.3197935821124043
            ],
            [
                1.3258176415760623
            ],
            [
                1.3315647030344993
            ],
            [
                1.3370531262154266
            ],
            [
                1.3422996803798444
            ],
            [
                1.34731970657458
            ],
            [
                1.352127372879715
            ],
            [
                1.3567356310996082
            ],
            [
                1.3611564725354501
            ],
            [
                1.3654009324376377
            ],
            [
                1.3694792096719912
            ],
            [
                1.3734007633682208
            ],
            [
                1.3771743271411707
            ],
            [
                1.3808080349162002
            ],
            [
                1.384309421322414
            ],
            [
                1.3876854900689999
            ],
            [
                1.3909427883907624
            ],
            [
                1.3940874520273716
            ],
            [
                1.3971250698688424
            ],
            [
                1.4000610682338528
            ],
            [
                1.4029003733356546
            ],
            [
                1.4056476043433739
            ],
            [
                1.4083072072583784
            ],
            [
                1.4108831834128086
            ],
            [
                1.4133794355176965
            ],
            [
                1.4157995752646766
            ],
            [
                1.4181469810049876
            ],
            [
                1.4204248949828469
            ],
            [
                1.4226362953528902
            ],
            [
                1.4247840569263612
            ],
            [
                1.4268708726695747
            ],
            [
                1.4288992630796793
            ],
            [
                1.430871652160926
            ],
            [
                1.4327902976577382
            ],
            [
                1.434657358553168
            ],
            [
                1.4364748822967528
            ],
            [
                1.4382447888304315
            ],
            [
                1.4399689269131863
            ],
            [
                1.4416490335979515
            ],
            [
                1.4432867639479343
            ],
            [
                1.4448836982777962
            ],
            [
                1.4464413157517728
            ],
            [
                1.4479610565495216
            ],
            [
                1.449444295583788
            ],
            [
                1.4508923289829019
            ],
            [
                1.4523063305375972
            ],
            [
                1.4536875261319473
            ],
            [
                1.4550370649882143
            ],
            [
                1.4563560071107073
            ],
            [
                1.4576453163489929
            ],
            [
                1.45890602293041
            ],
            [
                1.4601390809358663
            ],
            [
                1.4613453689586915
            ],
            [
                1.462525720544488
            ],
            [
                1.463680984431195
            ],
            [
                1.4648119583321981
            ],
            [
                1.4659193820047214
            ],
            [
                1.467003974859243
            ],
            [
                1.4680664454894181
            ],
            [
                1.4691074690697017
            ],
            [
                1.4701276695989802
            ],
            [
                1.4711276653592338
            ]
        ]
    }
}