{
    "Right": {
        "actualTimeGrid": [
            0,
            5,
            5
        ],
        "diagnostics": {
            "dlsGetNumJacEvals": 0,
            "dlsGetNumRhsEvals": 0,
            "odeGetNumErrTestFails": 0,
            "odeGetNumLinSolvSetups": 4,
            "odeGetNumNonlinSolvConvFails": 0,
            "odeGetNumNonlinSolvIters": 8,
            "odeGetNumRhsEvals_fe": 0,
            "odeGetNumRhsEvals_fi": 23,
            "odeGetNumStepAttempts": 4,
            "odeGetNumSteps": 4,
            "odeMaxEventsReached": true
        },
        "solutionMatrix": [
            [
                0,
                0
            ],
            [
                0,
                0
            ],
            [
                1,
                1
            ]
        ]
    }
}